// Jest Snapshot v1, https://goo.gl/fbAQLP

exports[`<HomePage /> should render correctly 1`] = `
<div>
  <InputWrapper>
    <WithStyles(Input)
      inputProps={
        Object {
          "aria-label": "Description",
        }
      }
      onChange={[Function]}
      onKeyDown={[Function]}
      placeholder="Input Command"
      value=""
    />
    <InputButtonWrapper>
      <WithStyles(Button)
        color="primary"
        onClick={[Function]}
        variant="contained"
      >
        Add Command
      </WithStyles(Button)>
    </InputButtonWrapper>
  </InputWrapper>
  <CommandWrapper>
    <WithStyles(Grid)
      alignItems="stretch"
      container={true}
      justify="space-evenly"
      spacing={16}
    >
      <CardWrapper>
        <WithStyles(CardContent)>
          <WithStyles(Typography)
            color="textPrimary"
            gutterBottom={true}
          >
            <b>
              Valid Commands
            </b>
          </WithStyles(Typography)>
        </WithStyles(CardContent)>
      </CardWrapper>
      <CardWrapper>
        <WithStyles(CardContent)>
          <WithStyles(Typography)
            color="textPrimary"
            gutterBottom={true}
          >
            <b>
              Failed Commands
            </b>
          </WithStyles(Typography)>
        </WithStyles(CardContent)>
      </CardWrapper>
    </WithStyles(Grid)>
    <h3>
      Output Result
    </h3>
    <TextField
      id="outlined-name"
      margin="normal"
      readOnly={true}
      required={false}
      select={false}
      style={
        Object {
          "color": "black",
        }
      }
      value="Must use a valid REPORT command"
      variant="outlined"
    />
    <WithStyles(Card)>
      <WithStyles(CardContent)>
        <WithStyles(Typography)
          color="textPrimary"
          gutterBottom={true}
        >
          <b>
            Output History
          </b>
        </WithStyles(Typography)>
        <WithStyles(Typography)
          gutterBottom={true}
          key="1"
        >
           --&gt; OUTPUT
        </WithStyles(Typography)>
      </WithStyles(CardContent)>
    </WithStyles(Card)>
  </CommandWrapper>
</div>
`;
